No input file given
Usage : ../../lut [-h,--help|-p,--print|-e,--execution|-o,--transformation] <Lutin source>
